// Jest Snapshot v1, https://goo.gl/fbAQLP

exports[`hasOwnProperty throw 1`] = `"Cannot call method on undefined"`;

exports[`hasOwnProperty throw 2`] = `"Cannot call method on undefined"`;

exports[`hasOwnProperty throw 3`] = `"Cannot call method on null"`;
